kotlin version: 2.0.20
error message: org.jetbrains.kotlin.backend.common.BackendException: Backend Internal error: Exception during IR lowering
File being compiled: /Users/apple/AndroidStudioProjects/MehndiDesign/upload/src/main/java/com/thezayin/upload/presentation/AdminUploadScreen.kt
The root cause java.lang.RuntimeException was thrown at: org.jetbrains.kotlin.backend.jvm.codegen.FunctionCodegen.generate(FunctionCodegen.kt:47)
	at org.jetbrains.kotlin.backend.common.CodegenUtil.reportBackendException(CodegenUtil.kt:253)
	at org.jetbrains.kotlin.backend.common.CodegenUtil.reportBackendException$default(CodegenUtil.kt:236)
	at org.jetbrains.kotlin.backend.common.phaser.PerformByIrFilePhase.invokeSequential(performByIrFile.kt:65)
	at org.jetbrains.kotlin.backend.common.phaser.PerformByIrFilePhase.invoke(performByIrFile.kt:52)
	at org.jetbrains.kotlin.backend.common.phaser.PerformByIrFilePhase.invoke(performByIrFile.kt:38)
	at org.jetbrains.kotlin.backend.common.phaser.NamedCompilerPhase.phaseBody(CompilerPhase.kt:166)
	at org.jetbrains.kotlin.backend.common.phaser.AbstractNamedCompilerPhase.invoke(CompilerPhase.kt:113)
	at org.jetbrains.kotlin.backend.common.phaser.CompositePhase.invoke(PhaseBuilders.kt:27)
	at org.jetbrains.kotlin.backend.common.phaser.CompositePhase.invoke(PhaseBuilders.kt:14)
	at org.jetbrains.kotlin.backend.common.phaser.NamedCompilerPhase.phaseBody(CompilerPhase.kt:166)
	at org.jetbrains.kotlin.backend.common.phaser.AbstractNamedCompilerPhase.invoke(CompilerPhase.kt:113)
	at org.jetbrains.kotlin.backend.common.phaser.CompilerPhaseKt.invokeToplevel(CompilerPhase.kt:62)
	at org.jetbrains.kotlin.backend.jvm.JvmIrCodegenFactory.invokeCodegen(JvmIrCodegenFactory.kt:371)
	at org.jetbrains.kotlin.codegen.CodegenFactory.generateModule(CodegenFactory.kt:47)
	at org.jetbrains.kotlin.backend.jvm.JvmIrCodegenFactory.generateModuleInFrontendIRMode(JvmIrCodegenFactory.kt:433)
	at org.jetbrains.kotlin.cli.jvm.compiler.pipeline.JvmCompilerPipelineKt.generateCodeFromIr(jvmCompilerPipeline.kt:246)
	at org.jetbrains.kotlin.cli.jvm.compiler.pipeline.JvmCompilerPipelineKt.compileModulesUsingFrontendIrAndLightTree(jvmCompilerPipeline.kt:142)
	at org.jetbrains.kotlin.cli.jvm.K2JVMCompiler.doExecute(K2JVMCompiler.kt:148)
	at org.jetbrains.kotlin.cli.jvm.K2JVMCompiler.doExecute(K2JVMCompiler.kt:43)
	at org.jetbrains.kotlin.cli.common.CLICompiler.execImpl(CLICompiler.kt:103)
	at org.jetbrains.kotlin.cli.common.CLICompiler.execImpl(CLICompiler.kt:49)
	at org.jetbrains.kotlin.cli.common.CLITool.exec(CLITool.kt:101)
	at org.jetbrains.kotlin.incremental.IncrementalJvmCompilerRunner.runCompiler(IncrementalJvmCompilerRunner.kt:464)
	at org.jetbrains.kotlin.incremental.IncrementalJvmCompilerRunner.runCompiler(IncrementalJvmCompilerRunner.kt:73)
	at org.jetbrains.kotlin.incremental.IncrementalCompilerRunner.doCompile(IncrementalCompilerRunner.kt:506)
	at org.jetbrains.kotlin.incremental.IncrementalCompilerRunner.compileImpl(IncrementalCompilerRunner.kt:423)
	at org.jetbrains.kotlin.incremental.IncrementalCompilerRunner.compileNonIncrementally(IncrementalCompilerRunner.kt:301)
	at org.jetbrains.kotlin.incremental.IncrementalCompilerRunner.compile(IncrementalCompilerRunner.kt:129)
	at org.jetbrains.kotlin.daemon.CompileServiceImplBase.execIncrementalCompiler(CompileServiceImpl.kt:675)
	at org.jetbrains.kotlin.daemon.CompileServiceImplBase.access$execIncrementalCompiler(CompileServiceImpl.kt:92)
	at org.jetbrains.kotlin.daemon.CompileServiceImpl.compile(CompileServiceImpl.kt:1660)
	at java.base/jdk.internal.reflect.DirectMethodHandleAccessor.invoke(Unknown Source)
	at java.base/java.lang.reflect.Method.invoke(Unknown Source)
	at java.rmi/sun.rmi.server.UnicastServerRef.dispatch(Unknown Source)
	at java.rmi/sun.rmi.transport.Transport$1.run(Unknown Source)
	at java.rmi/sun.rmi.transport.Transport$1.run(Unknown Source)
	at java.base/java.security.AccessController.doPrivileged(Unknown Source)
	at java.rmi/sun.rmi.transport.Transport.serviceCall(Unknown Source)
	at java.rmi/sun.rmi.transport.tcp.TCPTransport.handleMessages(Unknown Source)
	at java.rmi/sun.rmi.transport.tcp.TCPTransport$ConnectionHandler.run0(Unknown Source)
	at java.rmi/sun.rmi.transport.tcp.TCPTransport$ConnectionHandler.lambda$run$0(Unknown Source)
	at java.base/java.security.AccessController.doPrivileged(Unknown Source)
	at java.rmi/sun.rmi.transport.tcp.TCPTransport$ConnectionHandler.run(Unknown Source)
	at java.base/java.util.concurrent.ThreadPoolExecutor.runWorker(Unknown Source)
	at java.base/java.util.concurrent.ThreadPoolExecutor$Worker.run(Unknown Source)
	at java.base/java.lang.Thread.run(Unknown Source)
Caused by: java.lang.RuntimeException: Exception while generating code for:
FUN name:AdminUploadScreen visibility:public modality:FINAL <> () returnType:kotlin.Unit
  annotations:
    Composable
  BLOCK_BODY
    VAR name:viewModel type:com.thezayin.upload.presentation.AdminUploadViewModel [val]
      TYPE_OP type=com.thezayin.upload.presentation.AdminUploadViewModel origin=IMPLICIT_CAST typeOperand=com.thezayin.upload.presentation.AdminUploadViewModel
        CALL 'public final fun koinInject$default <T> (qualifier: org.koin.core.qualifier.Qualifier?, scope: org.koin.core.scope.Scope?, parameters: kotlin.Function0<org.koin.core.parameter.ParametersHolder>?, $mask0: kotlin.Int, $handler: kotlin.Any?): T of org.koin.compose.InjectKt.koinInject$default [inline] declared in org.koin.compose.InjectKt' type=T of org.koin.compose.InjectKt.koinInject$default origin=DEFAULT_DISPATCH_CALL
          <T>: com.thezayin.upload.presentation.AdminUploadViewModel
          qualifier: COMPOSITE type=org.koin.core.qualifier.Qualifier? origin=DEFAULT_VALUE
            CONST Null type=org.koin.core.qualifier.Qualifier? value=null
          scope: COMPOSITE type=org.koin.core.scope.Scope? origin=DEFAULT_VALUE
            CONST Null type=org.koin.core.scope.Scope? value=null
          parameters: COMPOSITE type=kotlin.Function0<org.koin.core.parameter.ParametersHolder>? origin=DEFAULT_VALUE
            CONST Null type=kotlin.Function0<org.koin.core.parameter.ParametersHolder>? value=null
          $mask0: CONST Int type=kotlin.Int value=7
          $handler: CONST Null type=kotlin.Any? value=null
    VAR PROPERTY_DELEGATE name:state$delegate type:androidx.compose.runtime.State<com.thezayin.upload.presentation.state.AdminUploadState> [val]
      TYPE_OP type=androidx.compose.runtime.State<com.thezayin.upload.presentation.state.AdminUploadState> origin=IMPLICIT_CAST typeOperand=androidx.compose.runtime.State<com.thezayin.upload.presentation.state.AdminUploadState>
        CALL 'public final fun collectAsState$default <T> (context: kotlin.coroutines.CoroutineContext?, $mask0: kotlin.Int, $handler: kotlin.Any?): androidx.compose.runtime.State<T of androidx.compose.runtime.SnapshotStateKt.collectAsState$default> declared in androidx.compose.runtime.SnapshotStateKt' type=androidx.compose.runtime.State<T of androidx.compose.runtime.SnapshotStateKt.collectAsState$default> origin=DEFAULT_DISPATCH_CALL
          <T>: com.thezayin.upload.presentation.state.AdminUploadState
          $receiver: CALL 'public final fun <get-state> (): kotlinx.coroutines.flow.StateFlow<com.thezayin.upload.presentation.state.AdminUploadState> declared in com.thezayin.upload.presentation.AdminUploadViewModel' type=kotlinx.coroutines.flow.StateFlow<com.thezayin.upload.presentation.state.AdminUploadState> origin=GET_PROPERTY
            $this: GET_VAR 'val viewModel: com.thezayin.upload.presentation.AdminUploadViewModel [val] declared in com.thezayin.upload.presentation.AdminUploadScreenKt.AdminUploadScreen' type=com.thezayin.upload.presentation.AdminUploadViewModel origin=null
          context: COMPOSITE type=kotlin.coroutines.CoroutineContext? origin=DEFAULT_VALUE
            CONST Null type=kotlin.coroutines.CoroutineContext? value=null
          $mask0: CONST Int type=kotlin.Int value=1
          $handler: CONST Null type=kotlin.Any? value=null
    VAR name:context type:android.content.Context [val]
      CALL 'public final fun <get-current> (): T of androidx.compose.runtime.CompositionLocal [inline] declared in androidx.compose.runtime.CompositionLocal' type=android.content.Context origin=GET_PROPERTY
        $this: TYPE_OP type=androidx.compose.runtime.CompositionLocal<T of androidx.compose.runtime.CompositionLocal> origin=IMPLICIT_CAST typeOperand=androidx.compose.runtime.CompositionLocal<T of androidx.compose.runtime.CompositionLocal>
          CALL 'public final fun <get-LocalContext> (): androidx.compose.runtime.ProvidableCompositionLocal<android.content.Context> declared in androidx.compose.ui.platform.AndroidCompositionLocals_androidKt' type=androidx.compose.runtime.ProvidableCompositionLocal<android.content.Context> origin=GET_PROPERTY
    VAR name:tableList type:kotlin.collections.List<kotlin.String> [val]
      CALL 'public final fun listOf <T> (vararg elements: T of kotlin.collections.CollectionsKt.listOf): kotlin.collections.List<T of kotlin.collections.CollectionsKt.listOf> declared in kotlin.collections.CollectionsKt' type=kotlin.collections.List<kotlin.String> origin=null
        <T>: kotlin.String
        elements: BLOCK type=kotlin.Array<out kotlin.String> origin=null
          VAR IR_TEMPORARY_VARIABLE name:tmp0 type:kotlin.Array<out kotlin.String> [val]
            CALL 'public final fun arrayOfNulls <T> (size: kotlin.Int): kotlin.Array<T of kotlin.arrayOfNulls?> declared in kotlin' type=kotlin.Array<out kotlin.String> origin=null
              <T>: kotlin.String
              size: CONST Int type=kotlin.Int value=12
          CALL 'public final fun set (index: kotlin.Int, value: T of kotlin.Array): kotlin.Unit [operator] declared in kotlin.Array' type=kotlin.Unit origin=null
            $this: GET_VAR 'val tmp0: kotlin.Array<out kotlin.String> [val] declared in com.thezayin.upload.presentation.AdminUploadScreenKt.AdminUploadScreen' type=kotlin.Array<out kotlin.String> origin=null
            index: CONST Int type=kotlin.Int value=0
            value: CONST String type=kotlin.String value="arabic_table"
          CALL 'public final fun set (index: kotlin.Int, value: T of kotlin.Array): kotlin.Unit [operator] declared in kotlin.Array' type=kotlin.Unit origin=null
            $this: GET_VAR 'val tmp0: kotlin.Array<out kotlin.String> [val] declared in com.thezayin.upload.presentation.AdminUploadScreenKt.AdminUploadScreen' type=kotlin.Array<out kotlin.String> origin=null
            index: CONST Int type=kotlin.Int value=1
            value: CONST String type=kotlin.String value="bridal_table"
          CALL 'public final fun set (index: kotlin.Int, value: T of kotlin.Array): kotlin.Unit [operator] declared in kotlin.Array' type=kotlin.Unit origin=null
            $this: GET_VAR 'val tmp0: kotlin.Array<out kotlin.String> [val] declared in com.thezayin.upload.presentation.AdminUploadScreenKt.AdminUploadScreen' type=kotlin.Array<out kotlin.String> origin=null
            index: CONST Int type=kotlin.Int value=2
            value: CONST String type=kotlin.String value="classic_table"
          CALL 'public final fun set (index: kotlin.Int, value: T of kotlin.Array): kotlin.Unit [operator] declared in kotlin.Array' type=kotlin.Unit origin=null
            $this: GET_VAR 'val tmp0: kotlin.Array<out kotlin.String> [val] declared in com.thezayin.upload.presentation.AdminUploadScreenKt.AdminUploadScreen' type=kotlin.Array<out kotlin.String> origin=null
            index: CONST Int type=kotlin.Int value=3
            value: CONST String type=kotlin.String value="finger_table"
          CALL 'public final fun set (index: kotlin.Int, value: T of kotlin.Array): kotlin.Unit [operator] declared in kotlin.Array' type=kotlin.Unit origin=null
            $this: GET_VAR 'val tmp0: kotlin.Array<out kotlin.String> [val] declared in com.thezayin.upload.presentation.AdminUploadScreenKt.AdminUploadScreen' type=kotlin.Array<out kotlin.String> origin=null
            index: CONST Int type=kotlin.Int value=4
            value: CONST String type=kotlin.String value="foot_table"
          CALL 'public final fun set (index: kotlin.Int, value: T of kotlin.Array): kotlin.Unit [operator] declared in kotlin.Array' type=kotlin.Unit origin=null
            $this: GET_VAR 'val tmp0: kotlin.Array<out kotlin.String> [val] declared in com.thezayin.upload.presentation.AdminUploadScreenKt.AdminUploadScreen' type=kotlin.Array<out kotlin.String> origin=null
            index: CONST Int type=kotlin.Int value=5
            value: CONST String type=kotlin.String value="home_images_table"
          CALL 'public final fun set (index: kotlin.Int, value: T of kotlin.Array): kotlin.Unit [operator] declared in kotlin.Array' type=kotlin.Unit origin=null
            $this: GET_VAR 'val tmp0: kotlin.Array<out kotlin.String> [val] declared in com.thezayin.upload.presentation.AdminUploadScreenKt.AdminUploadScreen' type=kotlin.Array<out kotlin.String> origin=null
            index: CONST Int type=kotlin.Int value=6
            value: CONST String type=kotlin.String value="indian_table"
          CALL 'public final fun set (index: kotlin.Int, value: T of kotlin.Array): kotlin.Unit [operator] declared in kotlin.Array' type=kotlin.Unit origin=null
            $this: GET_VAR 'val tmp0: kotlin.Array<out kotlin.String> [val] declared in com.thezayin.upload.presentation.AdminUploadScreenKt.AdminUploadScreen' type=kotlin.Array<out kotlin.String> origin=null
            index: CONST Int type=kotlin.Int value=7
            value: CONST String type=kotlin.String value="indo_table"
          CALL 'public final fun set (index: kotlin.Int, value: T of kotlin.Array): kotlin.Unit [operator] declared in kotlin.Array' type=kotlin.Unit origin=null
            $this: GET_VAR 'val tmp0: kotlin.Array<out kotlin.String> [val] declared in com.thezayin.upload.presentation.AdminUploadScreenKt.AdminUploadScreen' type=kotlin.Array<out kotlin.String> origin=null
            index: CONST Int type=kotlin.Int value=8
            value: CONST String type=kotlin.String value="moroccan_table"
          CALL 'public final fun set (index: kotlin.Int, value: T of kotlin.Array): kotlin.Unit [operator] declared in kotlin.Array' type=kotlin.Unit origin=null
            $this: GET_VAR 'val tmp0: kotlin.Array<out kotlin.String> [val] declared in com.thezayin.upload.presentation.AdminUploadScreenKt.AdminUploadScreen' type=kotlin.Array<out kotlin.String> origin=null
            index: CONST Int type=kotlin.Int value=9
            value: CONST String type=kotlin.String value="pakistani_table"
          CALL 'public final fun set (index: kotlin.Int, value: T of kotlin.Array): kotlin.Unit [operator] declared in kotlin.Array' type=kotlin.Unit origin=null
            $this: GET_VAR 'val tmp0: kotlin.Array<out kotlin.String> [val] declared in com.thezayin.upload.presentation.AdminUploadScreenKt.AdminUploadScreen' type=kotlin.Array<out kotlin.String> origin=null
            index: CONST Int type=kotlin.Int value=10
            value: CONST String type=kotlin.String value="tattoo_table"
          CALL 'public final fun set (index: kotlin.Int, value: T of kotlin.Array): kotlin.Unit [operator] declared in kotlin.Array' type=kotlin.Unit origin=null
            $this: GET_VAR 'val tmp0: kotlin.Array<out kotlin.String> [val] declared in com.thezayin.upload.presentation.AdminUploadScreenKt.AdminUploadScreen' type=kotlin.Array<out kotlin.String> origin=null
            index: CONST Int type=kotlin.Int value=11
            value: CONST String type=kotlin.String value="tikki_table"
          GET_VAR 'val tmp0: kotlin.Array<out kotlin.String> [val] declared in com.thezayin.upload.presentation.AdminUploadScreenKt.AdminUploadScreen' type=kotlin.Array<out kotlin.String> origin=null
    VAR PROPERTY_DELEGATE name:selectedUris$delegate type:androidx.compose.runtime.MutableState<kotlin.collections.List<android.net.Uri>> [val]
      CALL 'public final fun remember <T> (calculation: @[DisallowComposableCalls] kotlin.Function0<T of androidx.compose.runtime.ComposablesKt.remember>): T of androidx.compose.runtime.ComposablesKt.remember [inline] declared in androidx.compose.runtime.ComposablesKt' type=androidx.compose.runtime.MutableState<kotlin.collections.List<android.net.Uri>> origin=null
        <T>: androidx.compose.runtime.MutableState<kotlin.collections.List<android.net.Uri>>
        calculation: BLOCK type=kotlin.Function0<androidx.compose.runtime.MutableState<kotlin.collections.List<android.net.Uri>>> origin=LAMBDA
          COMPOSITE type=kotlin.Unit origin=null
          FUNCTION_REFERENCE 'private final fun AdminUploadScreen$lambda$1 (): androidx.compose.runtime.MutableState<kotlin.collections.List<android.net.Uri>> declared in com.thezayin.upload.presentation.AdminUploadScreenKt' type=kotlin.Function0<androidx.compose.runtime.MutableState<kotlin.collections.List<android.net.Uri>>> origin=INLINE_LAMBDA reflectionTarget=null
    VAR PROPERTY_DELEGATE name:selectedTable$delegate type:androidx.compose.runtime.MutableState<kotlin.String?> [val]
      CALL 'public final fun remember <T> (calculation: @[DisallowComposableCalls] kotlin.Function0<T of androidx.compose.runtime.ComposablesKt.remember>): T of androidx.compose.runtime.ComposablesKt.remember [inline] declared in androidx.compose.runtime.ComposablesKt' type=androidx.compose.runtime.MutableState<kotlin.String?> origin=null
        <T>: androidx.compose.runtime.MutableState<kotlin.String?>
        calculation: BLOCK type=kotlin.Function0<androidx.compose.runtime.MutableState<kotlin.String?>> origin=LAMBDA
          COMPOSITE type=kotlin.Unit origin=null
          FUNCTION_REFERENCE 'private final fun AdminUploadScreen$lambda$4 (): androidx.compose.runtime.MutableState<kotlin.String?> declared in com.thezayin.upload.presentation.AdminUploadScreenKt' type=kotlin.Function0<androidx.compose.runtime.MutableState<kotlin.String?>> origin=INLINE_LAMBDA reflectionTarget=null
    VAR PROPERTY_DELEGATE name:expanded$delegate type:androidx.compose.runtime.MutableState<kotlin.Boolean> [val]
      CALL 'public final fun remember <T> (calculation: @[DisallowComposableCalls] kotlin.Function0<T of androidx.compose.runtime.ComposablesKt.remember>): T of androidx.compose.runtime.ComposablesKt.remember [inline] declared in androidx.compose.runtime.ComposablesKt' type=androidx.compose.runtime.MutableState<kotlin.Boolean> origin=null
        <T>: androidx.compose.runtime.MutableState<kotlin.Boolean>
        calculation: BLOCK type=kotlin.Function0<androidx.compose.runtime.MutableState<kotlin.Boolean>> origin=LAMBDA
          COMPOSITE type=kotlin.Unit origin=null
          FUNCTION_REFERENCE 'private final fun AdminUploadScreen$lambda$7 (): androidx.compose.runtime.MutableState<kotlin.Boolean> declared in com.thezayin.upload.presentation.AdminUploadScreenKt' type=kotlin.Function0<androidx.compose.runtime.MutableState<kotlin.Boolean>> origin=INLINE_LAMBDA reflectionTarget=null
    VAR name:launcher type:androidx.activity.compose.ManagedActivityResultLauncher<kotlin.String, kotlin.collections.List<@[JvmSuppressWildcards(suppress = <null>)] android.net.Uri>> [val]
      CALL 'public final fun rememberLauncherForActivityResult <I, O> (contract: androidx.activity.result.contract.ActivityResultContract<I of androidx.activity.compose.ActivityResultRegistryKt.rememberLauncherForActivityResult, O of androidx.activity.compose.ActivityResultRegistryKt.rememberLauncherForActivityResult>, onResult: kotlin.Function1<O of androidx.activity.compose.ActivityResultRegistryKt.rememberLauncherForActivityResult, kotlin.Unit>): androidx.activity.compose.ManagedActivityResultLauncher<I of androidx.activity.compose.ActivityResultRegistryKt.rememberLauncherForActivityResult, O of androidx.activity.compose.ActivityResultRegistryKt.rememberLauncherForActivityResult> declared in androidx.activity.compose.ActivityResultRegistryKt' type=androidx.activity.compose.ManagedActivityResultLauncher<kotlin.String, kotlin.collections.List<@[JvmSuppressWildcards(suppress = <null>)] android.net.Uri>> origin=null
        <I>: kotlin.String
        <O>: kotlin.collections.List<@[JvmSuppressWildcards(suppress = <null>)] android.net.Uri>
        contract: CONSTRUCTOR_CALL 'public constructor <init> () [primary] declared in androidx.activity.result.contract.ActivityResultContracts.GetMultipleContents' type=androidx.activity.result.contract.ActivityResultContracts.GetMultipleContents origin=null
        onResult: BLOCK type=kotlin.Function1<kotlin.collections.List<@[JvmSuppressWildcards(suppress = <null>)] android.net.Uri>, kotlin.Unit> origin=LAMBDA
          COMPOSITE type=kotlin.Unit origin=null
          CALL 'public final fun <jvm-indy> <T> (dynamicCall: T of kotlin.jvm.internal.<jvm-indy>, bootstrapMethodHandle: kotlin.Any, vararg bootstrapMethodArguments: kotlin.Any): T of kotlin.jvm.internal.<jvm-indy> declared in kotlin.jvm.internal' type=kotlin.Function1<kotlin.collections.List<@[JvmSuppressWildcards(suppress = <null>)] android.net.Uri>, kotlin.Unit> origin=null
            <T>: kotlin.Function1<kotlin.collections.List<@[JvmSuppressWildcards(suppress = <null>)] android.net.Uri>, kotlin.Unit>
            dynamicCall: CALL 'public final fun invoke (p0: androidx.compose.runtime.MutableState<kotlin.collections.List<android.net.Uri>>): kotlin.Function1<kotlin.collections.List<@[JvmSuppressWildcards(suppress = <null>)] android.net.Uri>, kotlin.Unit> declared in kotlin.jvm.internal.invokeDynamic' type=kotlin.Function1<kotlin.collections.List<@[JvmSuppressWildcards(suppress = <null>)] android.net.Uri>, kotlin.Unit> origin=null
              p0: GET_VAR 'val selectedUris$delegate: androidx.compose.runtime.MutableState<kotlin.collections.List<android.net.Uri>> [val] declared in com.thezayin.upload.presentation.AdminUploadScreenKt.AdminUploadScreen' type=androidx.compose.runtime.MutableState<kotlin.collections.List<android.net.Uri>> origin=null
            bootstrapMethodHandle: CALL 'public final fun <jvm-method-handle> (tag: kotlin.Int, owner: kotlin.String, name: kotlin.String, descriptor: kotlin.String, isInterface: kotlin.Boolean): kotlin.Any declared in kotlin.jvm.internal' type=kotlin.Any origin=null
              tag: CONST Int type=kotlin.Int value=6
              owner: CONST String type=kotlin.String value="java/lang/invoke/LambdaMetafactory"
              name: CONST String type=kotlin.String value="metafactory"
              descriptor: CONST String type=kotlin.String value="(Ljava/lang/invoke/MethodHandles$Lookup;Ljava/lang/String;Ljava/lang/invoke/MethodType;Ljava/lang/invoke/MethodType;Ljava/lang/invoke/MethodHandle;Ljava/lang/invoke/MethodType;)Ljava/lang/invoke/CallSite;"
              isInterface: CONST Boolean type=kotlin.Boolean value=false
            bootstrapMethodArguments: VARARG type=kotlin.Array<kotlin.Any> varargElementType=kotlin.Any
              CALL 'public final fun <jvm-original-method-type> (method: kotlin.Any): kotlin.Any declared in kotlin.jvm.internal' type=kotlin.Any origin=null
                method: RAW_FUNCTION_REFERENCE 'public abstract fun invoke (p1: P1 of kotlin.Function1): R of kotlin.Function1 [operator] declared in kotlin.Function1' type=kotlin.Any
              RAW_FUNCTION_REFERENCE 'private final fun AdminUploadScreen$lambda$10 ($selectedUris$delegate: androidx.compose.runtime.MutableState<kotlin.collections.List<android.net.Uri>>, uris: kotlin.collections.List<@[JvmSuppressWildcards(suppress = <null>)] android.net.Uri>): kotlin.Unit? declared in com.thezayin.upload.presentation.AdminUploadScreenKt' type=kotlin.Any
              CALL 'public final fun <jvm-original-method-type> (method: kotlin.Any): kotlin.Any declared in kotlin.jvm.internal' type=kotlin.Any origin=null
                method: RAW_FUNCTION_REFERENCE 'public abstract fun invoke (p1: kotlin.collections.List<@[JvmSuppressWildcards(suppress = <null>)] android.net.Uri>): kotlin.Unit? [fake_override,operator] declared in kotlin.jvm.internal.invokeDynamic.<fake>' type=kotlin.Any
    CALL 'public final fun Column$default (modifier: androidx.compose.ui.Modifier?, verticalArrangement: androidx.compose.foundation.layout.Arrangement.Vertical?, horizontalAlignment: androidx.compose.ui.Alignment.Horizontal?, content: @[Composable] @[ExtensionFunctionType] kotlin.Function1<androidx.compose.foundation.layout.ColumnScope, kotlin.Unit>, $mask0: kotlin.Int, $handler: kotlin.Any?): kotlin.Unit [inline] declared in androidx.compose.foundation.layout.ColumnKt' type=kotlin.Unit origin=DEFAULT_DISPATCH_CALL
      modifier: CALL 'public final fun padding-3ABfNKs (all: androidx.compose.ui.unit.Dp): androidx.compose.ui.Modifier declared in androidx.compose.foundation.layout.PaddingKt' type=androidx.compose.ui.Modifier origin=null
        $receiver: CALL 'public final fun fillMaxSize$default (fraction: kotlin.Float, $mask0: kotlin.Int, $handler: kotlin.Any?): androidx.compose.ui.Modifier declared in androidx.compose.foundation.layout.SizeKt' type=androidx.compose.ui.Modifier origin=DEFAULT_DISPATCH_CALL
          $receiver: GET_FIELD 'FIELD FIELD_FOR_OBJECT_INSTANCE name:Companion type:androidx.compose.ui.Modifier.Companion visibility:public [final,static] declared in androidx.compose.ui.Modifier' type=androidx.compose.ui.Modifier.Companion origin=null
          fraction: COMPOSITE type=kotlin.Float origin=DEFAULT_VALUE
            CONST Float type=kotlin.Float value=0.0
          $mask0: CONST Int type=kotlin.Int value=1
          $handler: CONST Null type=kotlin.Any? value=null
        all: CALL 'public final fun <get-dp> (): androidx.compose.ui.unit.Dp [inline] declared in androidx.compose.ui.unit.DpKt' type=androidx.compose.ui.unit.Dp origin=GET_PROPERTY
          $receiver: CONST Int type=kotlin.Int value=16
      verticalArrangement: CALL 'public final fun <get-Top> (): androidx.compose.foundation.layout.Arrangement.Vertical declared in androidx.compose.foundation.layout.Arrangement' type=androidx.compose.foundation.layout.Arrangement.Vertical origin=GET_PROPERTY
        $this: GET_FIELD 'FIELD FIELD_FOR_OBJECT_INSTANCE name:INSTANCE type:androidx.compose.foundation.layout.Arrangement visibility:public [final,static] declared in androidx.compose.foundation.layout.Arrangement' type=androidx.compose.foundation.layout.Arrangement origin=null
      horizontalAlignment: COMPOSITE type=androidx.compose.ui.Alignment.Horizontal? origin=DEFAULT_VALUE
        CONST Null type=androidx.compose.ui.Alignment.Horizontal? value=null
      content: BLOCK type=@[ExtensionFunctionType] kotlin.Function1<androidx.compose.foundation.layout.ColumnScope, kotlin.Unit> origin=LAMBDA
        COMPOSITE type=kotlin.Unit origin=null
        FUNCTION_REFERENCE 'private final fun AdminUploadScreen$lambda$23 ($expanded$delegate: androidx.compose.runtime.MutableState<kotlin.Boolean>, $selectedTable$delegate: androidx.compose.runtime.MutableState<kotlin.String?>, $tableList: kotlin.collections.List<kotlin.String>, $viewModel: com.thezayin.upload.presentation.AdminUploadViewModel, $launcher: androidx.activity.compose.ManagedActivityResultLauncher<kotlin.String, kotlin.collections.List<@[JvmSuppressWildcards(suppress = <null>)] android.net.Uri>>, $selectedUris$delegate: androidx.compose.runtime.MutableState<kotlin.collections.List<android.net.Uri>>, $context: android.content.Context, $state$delegate: androidx.compose.runtime.State<com.thezayin.upload.presentation.state.AdminUploadState>): kotlin.Unit declared in com.thezayin.upload.presentation.AdminUploadScreenKt' type=@[ExtensionFunctionType] kotlin.Function1<androidx.compose.foundation.layout.ColumnScope, kotlin.Unit> origin=INLINE_LAMBDA reflectionTarget=null
          $expanded$delegate: GET_VAR 'val expanded$delegate: androidx.compose.runtime.MutableState<kotlin.Boolean> [val] declared in com.thezayin.upload.presentation.AdminUploadScreenKt.AdminUploadScreen' type=androidx.compose.runtime.MutableState<kotlin.Boolean> origin=null
          $selectedTable$delegate: GET_VAR 'val selectedTable$delegate: androidx.compose.runtime.MutableState<kotlin.String?> [val] declared in com.thezayin.upload.presentation.AdminUploadScreenKt.AdminUploadScreen' type=androidx.compose.runtime.MutableState<kotlin.String?> origin=null
          $tableList: GET_VAR 'val tableList: kotlin.collections.List<kotlin.String> [val] declared in com.thezayin.upload.presentation.AdminUploadScreenKt.AdminUploadScreen' type=kotlin.collections.List<kotlin.String> origin=null
          $viewModel: GET_VAR 'val viewModel: com.thezayin.upload.presentation.AdminUploadViewModel [val] declared in com.thezayin.upload.presentation.AdminUploadScreenKt.AdminUploadScreen' type=com.thezayin.upload.presentation.AdminUploadViewModel origin=null
          $launcher: GET_VAR 'val launcher: androidx.activity.compose.ManagedActivityResultLauncher<kotlin.String, kotlin.collections.List<@[JvmSuppressWildcards(suppress = <null>)] android.net.Uri>> [val] declared in com.thezayin.upload.presentation.AdminUploadScreenKt.AdminUploadScreen' type=androidx.activity.compose.ManagedActivityResultLauncher<kotlin.String, kotlin.collections.List<@[JvmSuppressWildcards(suppress = <null>)] android.net.Uri>> origin=null
          $selectedUris$delegate: GET_VAR 'val selectedUris$delegate: androidx.compose.runtime.MutableState<kotlin.collections.List<android.net.Uri>> [val] declared in com.thezayin.upload.presentation.AdminUploadScreenKt.AdminUploadScreen' type=androidx.compose.runtime.MutableState<kotlin.collections.List<android.net.Uri>> origin=null
          $context: GET_VAR 'val context: android.content.Context [val] declared in com.thezayin.upload.presentation.AdminUploadScreenKt.AdminUploadScreen' type=android.content.Context origin=null
          $state$delegate: GET_VAR 'val state$delegate: androidx.compose.runtime.State<com.thezayin.upload.presentation.state.AdminUploadState> [val] declared in com.thezayin.upload.presentation.AdminUploadScreenKt.AdminUploadScreen' type=androidx.compose.runtime.State<com.thezayin.upload.presentation.state.AdminUploadState> origin=null
      $mask0: CONST Int type=kotlin.Int value=4
      $handler: CONST Null type=kotlin.Any? value=null

	at org.jetbrains.kotlin.backend.jvm.codegen.FunctionCodegen.generate(FunctionCodegen.kt:47)
	at org.jetbrains.kotlin.backend.jvm.codegen.FunctionCodegen.generate$default(FunctionCodegen.kt:40)
	at org.jetbrains.kotlin.backend.jvm.codegen.ClassCodegen.generateMethodNode(ClassCodegen.kt:406)
	at org.jetbrains.kotlin.backend.jvm.codegen.ClassCodegen.generateMethod(ClassCodegen.kt:423)
	at org.jetbrains.kotlin.backend.jvm.codegen.ClassCodegen.generate(ClassCodegen.kt:168)
	at org.jetbrains.kotlin.backend.jvm.FileCodegen.lower(JvmPhases.kt:39)
	at org.jetbrains.kotlin.backend.common.phaser.PhaseFactoriesKt.createFilePhase$lambda$4(PhaseFactories.kt:71)
	at org.jetbrains.kotlin.backend.common.phaser.PhaseBuildersKt$createSimpleNamedCompilerPhase$1.phaseBody(PhaseBuilders.kt:69)
	at org.jetbrains.kotlin.backend.common.phaser.SimpleNamedCompilerPhase.phaseBody(CompilerPhase.kt:226)
	at org.jetbrains.kotlin.backend.common.phaser.AbstractNamedCompilerPhase.invoke(CompilerPhase.kt:113)
	at org.jetbrains.kotlin.backend.common.phaser.PerformByIrFilePhase.invokeSequential(performByIrFile.kt:62)
	... 43 more
Caused by: org.jetbrains.kotlin.codegen.CompilationException: Back-end (JVM) Internal error: Couldn't inline method call: CALL 'public final fun koinInject$default <T> (qualifier: org.koin.core.qualifier.Qualifier?, scope: org.koin.core.scope.Scope?, parameters: kotlin.Function0<org.koin.core.parameter.ParametersHolder>?, $mask0: kotlin.Int, $handler: kotlin.Any?): T of org.koin.compose.InjectKt.koinInject$default [inline] declared in org.koin.compose.InjectKt' type=T of org.koin.compose.InjectKt.koinInject$default origin=DEFAULT_DISPATCH_CALL
Method: null
File is unknown
The root cause java.lang.IllegalStateException was thrown at: org.jetbrains.kotlin.codegen.inline.SourceCompilerForInlineKt.getMethodNode(SourceCompilerForInline.kt:118)
	at org.jetbrains.kotlin.codegen.inline.InlineCodegen.performInline(InlineCodegen.kt:65)
	at org.jetbrains.kotlin.backend.jvm.codegen.IrInlineCodegen.genInlineCall(IrInlineCodegen.kt:163)
	at org.jetbrains.kotlin.backend.jvm.codegen.IrInlineCallGenerator.genCall(IrInlineCallGenerator.kt:36)
	at org.jetbrains.kotlin.backend.jvm.codegen.ExpressionCodegen.visitCall(ExpressionCodegen.kt:653)
	at org.jetbrains.kotlin.backend.jvm.codegen.ExpressionCodegen.visitCall(ExpressionCodegen.kt:138)
	at org.jetbrains.kotlin.ir.expressions.IrCall.accept(IrCall.kt:24)
	at org.jetbrains.kotlin.backend.jvm.codegen.ExpressionCodegen.visitTypeOperator(ExpressionCodegen.kt:1127)
	at org.jetbrains.kotlin.backend.jvm.codegen.ExpressionCodegen.visitTypeOperator(ExpressionCodegen.kt:138)
	at org.jetbrains.kotlin.ir.expressions.IrTypeOperatorCall.accept(IrTypeOperatorCall.kt:26)
	at org.jetbrains.kotlin.backend.jvm.codegen.ExpressionCodegen.visitVariable(ExpressionCodegen.kt:790)
	at org.jetbrains.kotlin.backend.jvm.codegen.ExpressionCodegen.visitVariable(ExpressionCodegen.kt:138)
	at org.jetbrains.kotlin.ir.declarations.IrVariable.accept(IrVariable.kt:36)
	at org.jetbrains.kotlin.backend.jvm.codegen.ExpressionCodegen.visitStatementContainer(ExpressionCodegen.kt:579)
	at org.jetbrains.kotlin.backend.jvm.codegen.ExpressionCodegen.visitBlockBody(ExpressionCodegen.kt:584)
	at org.jetbrains.kotlin.backend.jvm.codegen.ExpressionCodegen.visitBlockBody(ExpressionCodegen.kt:138)
	at org.jetbrains.kotlin.ir.expressions.IrBlockBody.accept(IrBlockBody.kt:20)
	at org.jetbrains.kotlin.backend.jvm.codegen.ExpressionCodegen.generate(ExpressionCodegen.kt:240)
	at org.jetbrains.kotlin.backend.jvm.codegen.FunctionCodegen.doGenerate(FunctionCodegen.kt:123)
	at org.jetbrains.kotlin.backend.jvm.codegen.FunctionCodegen.generate(FunctionCodegen.kt:44)
	... 53 more
Caused by: java.lang.IllegalStateException: couldn't find inline method Lorg/koin/compose/InjectKt;.koinInject$default(Lorg/koin/core/qualifier/Qualifier;Lorg/koin/core/scope/Scope;Lkotlin/jvm/functions/Function0;ILjava/lang/Object;)Ljava/lang/Object;
	at org.jetbrains.kotlin.codegen.inline.SourceCompilerForInlineKt.getMethodNode(SourceCompilerForInline.kt:118)
	at org.jetbrains.kotlin.codegen.inline.SourceCompilerForInlineKt.loadCompiledInlineFunction(SourceCompilerForInline.kt:96)
	at org.jetbrains.kotlin.backend.jvm.codegen.IrSourceCompilerForInline.compileInlineFunction(IrSourceCompilerForInline.kt:91)
	at org.jetbrains.kotlin.codegen.inline.InlineCodegen.compileInline(InlineCodegen.kt:43)
	at org.jetbrains.kotlin.codegen.inline.InlineCodegen.performInline(InlineCodegen.kt:51)
	... 71 more


